
> dstb@0.0.0 typecheck
> tsc --noEmit -p tsconfig.json

src/behavior/scripts/runBehaviorBacktest.ts(77,5): error TS2578: Unused '@ts-expect-error' directive.
src/behavior/scripts/runBehaviorBacktest.ts(123,5): error TS1470: The 'import.meta' meta-property is not allowed in files which will build into CommonJS output.
src/behavior/scripts/runBehaviorBacktest.ts(123,44): error TS1470: The 'import.meta' meta-property is not allowed in files which will build into CommonJS output.
src/cli/commands/cliExchange.ts(68,11): error TS2322: Type '{ type: "paper"; symbol: string; interval: YahooInterval; initialBalance: number; feesBps: number; slippageBps: number; currency: string; } | { type: "bitunix"; symbol: string; ... 4 more ...; marketType: "spot" | ... 1 more ... | undefined; }' is not assignable to type 'ExchangeAdapterConfig'.
  Object literal may only specify known properties, and 'testMode' does not exist in type 'Readonly<{ type: "bitunix"; symbol: string; interval: YahooInterval; apiKey?: string; apiSecret?: string; marketType?: "spot" | "futures"; }>'.
src/cli/commands/cliUtils.ts(333,37): error TS1470: The 'import.meta' meta-property is not allowed in files which will build into CommonJS output.
src/cli/commands/reconcile.ts(160,44): error TS2379: Argument of type '{ id: `${string}-${string}-${string}-${string}-${string}`; botId: string; symbol: string; side: "SHORT" | "LONG"; quantity: number; entryPrice: number; stopLoss: undefined; takeProfit: undefined; entryTime: number; }' is not assignable to parameter of type 'Position' with 'exactOptionalPropertyTypes: true'. Consider adding 'undefined' to the types of the target's properties.
  Types of property 'stopLoss' are incompatible.
    Type 'undefined' is not assignable to type 'number'.
src/cli/commands/reconcile.ts(180,44): error TS2379: Argument of type '{ id: `${string}-${string}-${string}-${string}-${string}`; botId: string; symbol: string; side: "SHORT" | "LONG"; quantity: number; entryPrice: number; stopLoss: undefined; takeProfit: undefined; entryTime: number; }' is not assignable to parameter of type 'Position' with 'exactOptionalPropertyTypes: true'. Consider adding 'undefined' to the types of the target's properties.
  Types of property 'stopLoss' are incompatible.
    Type 'undefined' is not assignable to type 'number'.
src/cli/commands/status.ts(70,29): error TS18048: 'position' is possibly 'undefined'.
src/cli/commands/status.ts(71,42): error TS18048: 'position' is possibly 'undefined'.
src/cli/commands/status.ts(72,42): error TS18048: 'position' is possibly 'undefined'.
src/cli/commands/status.ts(73,42): error TS18048: 'position' is possibly 'undefined'.
src/cli/commands/status.ts(74,42): error TS18048: 'position' is possibly 'undefined'.
src/cli/commands/status.ts(75,38): error TS18048: 'position' is possibly 'undefined'.
src/core/__tests__/helpers/candleSeries.ts(2,63): error TS2307: Cannot find module '../../data/yahooFinance.js' or its corresponding type declarations.
src/core/__tests__/StateManager.test.ts(116,45): error TS2379: Argument of type '{ id: string; botId: string; clientOrderId: string; exchangeOrderId: string; symbol: string; side: "LONG"; quantity: number; price: number; status: "NEW"; createdAt: number; filledAt: undefined; }' is not assignable to parameter of type 'Order' with 'exactOptionalPropertyTypes: true'. Consider adding 'undefined' to the types of the target's properties.
  Types of property 'filledAt' are incompatible.
    Type 'undefined' is not assignable to type 'number'.
src/core/OrderExecutor.ts(109,40): error TS2345: Argument of type '"long" | "short" | undefined' is not assignable to parameter of type '"long" | "short"'.
  Type 'undefined' is not assignable to type '"long" | "short"'.
src/core/OrderExecutor.ts(127,49): error TS2345: Argument of type '"long" | "short" | undefined' is not assignable to parameter of type '"long" | "short"'.
  Type 'undefined' is not assignable to type '"long" | "short"'.
src/core/OrderExecutor.ts(132,11): error TS2375: Type '{ id: string; botId: string; symbol: string; side: "SHORT" | "LONG"; quantity: number; entryPrice: number; stopLoss: number | undefined; takeProfit: number | undefined; entryTime: number; }' is not assignable to type 'Position' with 'exactOptionalPropertyTypes: true'. Consider adding 'undefined' to the types of the target's properties.
  Types of property 'stopLoss' are incompatible.
    Type 'number | undefined' is not assignable to type 'number'.
      Type 'undefined' is not assignable to type 'number'.
src/core/OrderExecutor.ts(136,33): error TS2345: Argument of type '"long" | "short" | undefined' is not assignable to parameter of type '"long" | "short"'.
  Type 'undefined' is not assignable to type '"long" | "short"'.
src/core/OrderExecutor.ts(301,5): error TS2375: Type '{ id: string; botId: string; clientOrderId: string; exchangeOrderId: string; symbol: string; side: "SHORT" | "LONG"; quantity: number; price: number | undefined; status: "NEW" | "PARTIALLY_FILLED" | "FILLED" | "CANCELED" | "REJECTED" | "PLACED"; createdAt: number; filledAt: number | undefined; }' is not assignable to type 'Order' with 'exactOptionalPropertyTypes: true'. Consider adding 'undefined' to the types of the target's properties.
  Types of property 'price' are incompatible.
    Type 'number | undefined' is not assignable to type 'number'.
      Type 'undefined' is not assignable to type 'number'.
src/core/PositionManager.ts(208,61): error TS2379: Argument of type '{ side: "SHORT" | "LONG"; quantity: number; entryPrice: number; entryTime: number; stopLoss: number | undefined; takeProfit: number | undefined; }' is not assignable to parameter of type 'Partial<Position>' with 'exactOptionalPropertyTypes: true'. Consider adding 'undefined' to the types of the target's properties.
  Types of property 'stopLoss' are incompatible.
    Type 'number | undefined' is not assignable to type 'number'.
      Type 'undefined' is not assignable to type 'number'.
src/core/StateManager.ts(170,5): error TS2322: Type '{ id: string; name: string; strategy: string; initialBalance: number; currentEquity: number; status: "running" | "stopped" | "paused" | "error" | "starting"; config: { symbol: string; params: Record<...>; ... 6 more ...; bitunix?: { ...; } | undefined; }; createdAt: number; lastHeartbeat: number | undefined; } | null' is not assignable to type 'Bot | null'.
  Type '{ id: string; name: string; strategy: string; initialBalance: number; currentEquity: number; status: Bot["status"]; config: { symbol: string; params: Record<string, unknown>; interval: string; ... 5 more ...; bitunix?: { ...; } | undefined; }; createdAt: number; lastHeartbeat: number | undefined; }' is not assignable to type 'Bot' with 'exactOptionalPropertyTypes: true'. Consider adding 'undefined' to the types of the target's properties.
    Types of property 'lastHeartbeat' are incompatible.
      Type 'number | undefined' is not assignable to type 'number'.
        Type 'undefined' is not assignable to type 'number'.
src/core/StateManager.ts(227,5): error TS2322: Type '({ id: string; name: string; strategy: string; initialBalance: number; currentEquity: number; status: "running" | "stopped" | "paused" | "error" | "starting"; config: { symbol: string; params: Record<...>; ... 6 more ...; bitunix?: { ...; } | undefined; }; createdAt: number; lastHeartbeat: number | undefined; } | nu...' is not assignable to type 'Bot[]'.
  Type '{ id: string; name: string; strategy: string; initialBalance: number; currentEquity: number; status: "running" | "stopped" | "paused" | "error" | "starting"; config: { symbol: string; params: Record<...>; ... 6 more ...; bitunix?: { ...; } | undefined; }; createdAt: number; lastHeartbeat: number | undefined; } | null' is not assignable to type 'Bot'.
    Type 'null' is not assignable to type 'Bot'.
src/core/StateManager.ts(261,33): error TS2677: A type predicate's type must be assignable to its parameter's type.
  Type 'Bot' is not assignable to type '{ id: string; name: string; strategy: string; initialBalance: number; currentEquity: number; status: Bot["status"]; config: { symbol: string; params: Record<string, unknown>; interval: string; ... 5 more ...; bitunix?: { ...; } | undefined; }; createdAt: number; lastHeartbeat: number | undefined; }'.
    Property 'lastHeartbeat' is optional in type 'Bot' but required in type '{ id: string; name: string; strategy: string; initialBalance: number; currentEquity: number; status: "running" | "stopped" | "paused" | "error" | "starting"; config: { symbol: string; params: Record<...>; ... 6 more ...; bitunix?: { ...; } | undefined; }; createdAt: number; lastHeartbeat: number | undefined; }'.
src/core/StateManager.ts(400,5): error TS2322: Type '{ id: string; botId: string; symbol: string; side: "SHORT" | "LONG"; quantity: number; entryPrice: number; stopLoss: number | undefined; takeProfit: number | undefined; entryTime: number; }[]' is not assignable to type 'Position[]'.
  Type '{ id: string; botId: string; symbol: string; side: PositionSide; quantity: number; entryPrice: number; stopLoss: number | undefined; takeProfit: number | undefined; entryTime: number; }' is not assignable to type 'Position' with 'exactOptionalPropertyTypes: true'. Consider adding 'undefined' to the types of the target's properties.
    Types of property 'stopLoss' are incompatible.
      Type 'number | undefined' is not assignable to type 'number'.
        Type 'undefined' is not assignable to type 'number'.
src/core/StateManager.ts(747,5): error TS2322: Type '{ id: string; botId: string; clientOrderId: string; exchangeOrderId: string | undefined; symbol: string; side: "SHORT" | "LONG"; quantity: number; price: number | undefined; status: "NEW" | ... 4 more ... | "PLACED"; createdAt: number; filledAt: number | undefined; } | null' is not assignable to type 'Order | null'.
  Type '{ id: string; botId: string; clientOrderId: string; exchangeOrderId: string | undefined; symbol: string; side: PositionSide; quantity: number; price: number | undefined; status: OrderStatus; createdAt: number; filledAt: number | undefined; }' is not assignable to type 'Order' with 'exactOptionalPropertyTypes: true'. Consider adding 'undefined' to the types of the target's properties.
    Types of property 'exchangeOrderId' are incompatible.
      Type 'string | undefined' is not assignable to type 'string'.
        Type 'undefined' is not assignable to type 'string'.
src/core/StateManager.ts(802,5): error TS2322: Type '{ id: string; botId: string; symbol: string; side: "SHORT" | "LONG"; quantity: number; entryPrice: number; stopLoss: number | undefined; takeProfit: number | undefined; entryTime: number; }[]' is not assignable to type 'Position[]'.
  Type '{ id: string; botId: string; symbol: string; side: PositionSide; quantity: number; entryPrice: number; stopLoss: number | undefined; takeProfit: number | undefined; entryTime: number; }' is not assignable to type 'Position' with 'exactOptionalPropertyTypes: true'. Consider adding 'undefined' to the types of the target's properties.
    Types of property 'stopLoss' are incompatible.
      Type 'number | undefined' is not assignable to type 'number'.
        Type 'undefined' is not assignable to type 'number'.
src/core/StateManager.ts(949,5): error TS2322: Type '{ id: string; botId: string; symbol: string; side: "SHORT" | "LONG"; quantity: number; entryPrice: number; exitPrice: number; pnl: number; rMultiple: number | undefined; entryTime: number; exitTime: number; exitReason: string | undefined; }[]' is not assignable to type 'Trade[]'.
  Type '{ id: string; botId: string; symbol: string; side: PositionSide; quantity: number; entryPrice: number; exitPrice: number; pnl: number; rMultiple: number | undefined; entryTime: number; exitTime: number; exitReason: string | undefined; }' is not assignable to type 'Trade' with 'exactOptionalPropertyTypes: true'. Consider adding 'undefined' to the types of the target's properties.
    Types of property 'rMultiple' are incompatible.
      Type 'number | undefined' is not assignable to type 'number'.
        Type 'undefined' is not assignable to type 'number'.
src/core/TradingBot.ts(96,5): error TS2412: Type 'Readonly<{ sendAlert: (args: Readonly<{ level: "INFO" | "CRITICAL" | "WARNING"; message: string; botId: string; }>) => Promise<void>; }> | undefined' is not assignable to type 'Readonly<{ sendAlert: (args: Readonly<{ level: "INFO" | "CRITICAL" | "WARNING"; message: string; botId: string; }>) => Promise<void>; }>' with 'exactOptionalPropertyTypes: true'. Consider adding 'undefined' to the type of the target.
  Type 'undefined' is not assignable to type 'Readonly<{ sendAlert: (args: Readonly<{ level: "INFO" | "CRITICAL" | "WARNING"; message: string; botId: string; }>) => Promise<void>; }>'.
src/core/TradingBot.ts(98,5): error TS2412: Type 'number | undefined' is not assignable to type 'number' with 'exactOptionalPropertyTypes: true'. Consider adding 'undefined' to the type of the target.
  Type 'undefined' is not assignable to type 'number'.
src/core/TradingBot.ts(99,5): error TS2412: Type 'number | undefined' is not assignable to type 'number' with 'exactOptionalPropertyTypes: true'. Consider adding 'undefined' to the type of the target.
  Type 'undefined' is not assignable to type 'number'.
src/core/TradingBot.ts(721,5): error TS2375: Type '{ id: string; side: "long" | "short"; entryPrice: number; quantity: number; stopLoss: number; takeProfit: number | undefined; entryTime: number; }' is not assignable to type 'Readonly<{ id: string; side: "long" | "short"; entryPrice: number; quantity: number; stopLoss: number; takeProfit?: number; entryTime: number; }>' with 'exactOptionalPropertyTypes: true'. Consider adding 'undefined' to the types of the target's properties.
  Types of property 'takeProfit' are incompatible.
    Type 'number | undefined' is not assignable to type 'number'.
      Type 'undefined' is not assignable to type 'number'.
src/core/TradingBot.ts(745,21): error TS2339: Property 'sizingMode' does not exist on type '{}'.
src/core/TradingBot.ts(751,47): error TS2339: Property 'riskPctPerTrade' does not exist on type '{}'.
src/core/TradingBot.ts(755,28): error TS2339: Property 'sizingMode' does not exist on type '{}'.
src/core/TradingBot.ts(757,29): error TS2339: Property 'fixedNotional' does not exist on type '{}'.
src/exchange/__tests__/BitunixAdapter.contract.test.ts(47,59): error TS2880: Import assertions have been replaced by import attributes. Use 'with' instead of 'assert'.
src/exchange/__tests__/BitunixAdapter.contract.test.ts(48,69): error TS2880: Import assertions have been replaced by import attributes. Use 'with' instead of 'assert'.
src/exchange/__tests__/BitunixAdapter.contract.test.ts(49,70): error TS2880: Import assertions have been replaced by import attributes. Use 'with' instead of 'assert'.
src/exchange/__tests__/BitunixAdapter.contract.test.ts(50,63): error TS2880: Import assertions have been replaced by import attributes. Use 'with' instead of 'assert'.
src/exchange/__tests__/BitunixAdapter.contract.test.ts(51,65): error TS2880: Import assertions have been replaced by import attributes. Use 'with' instead of 'assert'.
src/exchange/__tests__/BitunixAdapter.contract.test.ts(52,59): error TS2880: Import assertions have been replaced by import attributes. Use 'with' instead of 'assert'.
src/exchange/__tests__/BitunixAdapter.contract.test.ts(53,57): error TS2880: Import assertions have been replaced by import attributes. Use 'with' instead of 'assert'.
src/exchange/__tests__/BitunixAdapter.contract.test.ts(54,61): error TS2880: Import assertions have been replaced by import attributes. Use 'with' instead of 'assert'.
src/exchange/__tests__/BitunixAdapter.contract.test.ts(55,72): error TS2880: Import assertions have been replaced by import attributes. Use 'with' instead of 'assert'.
src/exchange/__tests__/BitunixAdapter.contract.test.ts(56,74): error TS2880: Import assertions have been replaced by import attributes. Use 'with' instead of 'assert'.
src/exchange/__tests__/BitunixAdapter.contract.test.ts(57,68): error TS2880: Import assertions have been replaced by import attributes. Use 'with' instead of 'assert'.
src/exchange/__tests__/BitunixAdapter.contract.test.ts(58,74): error TS2880: Import assertions have been replaced by import attributes. Use 'with' instead of 'assert'.
src/exchange/__tests__/BitunixAdapter.contract.test.ts(59,80): error TS2880: Import assertions have been replaced by import attributes. Use 'with' instead of 'assert'.
src/exchange/__tests__/BitunixAdapter.contract.test.ts(114,15): error TS2339: Property 'tradeId' does not exist on type '{ tradeId: string; orderId: string; symbol: string; side: string; qty: string; price: string; fee: string; realizedPNL: string; ctime: number; } | undefined'.
src/exchange/__tests__/BitunixAdapter.contract.test.ts(150,14): error TS2532: Object is possibly 'undefined'.
src/exchange/__tests__/BitunixAdapter.contract.test.ts(277,14): error TS2532: Object is possibly 'undefined'.
src/exchange/__tests__/BitunixAdapter.contract.test.ts(278,14): error TS2532: Object is possibly 'undefined'.
src/exchange/__tests__/BitunixAdapter.contract.test.ts(279,14): error TS2532: Object is possibly 'undefined'.
src/exchange/__tests__/BitunixAdapter.contract.test.ts(280,14): error TS2532: Object is possibly 'undefined'.
src/exchange/__tests__/BitunixAdapter.contract.test.ts(281,14): error TS2532: Object is possibly 'undefined'.
src/exchange/__tests__/BitunixAdapter.contract.test.ts(282,14): error TS2532: Object is possibly 'undefined'.
src/exchange/__tests__/BitunixAdapter.unit.test.ts(213,12): error TS2532: Object is possibly 'undefined'.
src/exchange/__tests__/BitunixAdapter.unit.test.ts(214,12): error TS2532: Object is possibly 'undefined'.
src/exchange/__tests__/BitunixAdapter.unit.test.ts(215,12): error TS2532: Object is possibly 'undefined'.
src/exchange/__tests__/BitunixAdapter.unit.test.ts(216,12): error TS2532: Object is possibly 'undefined'.
src/exchange/__tests__/BitunixAdapter.unit.test.ts(312,12): error TS2532: Object is possibly 'undefined'.
src/exchange/__tests__/BitunixAdapter.unit.test.ts(334,12): error TS2532: Object is possibly 'undefined'.
src/exchange/__tests__/BitunixAdapter.unit.test.ts(335,12): error TS2532: Object is possibly 'undefined'.
src/exchange/__tests__/BitunixAdapter.unit.test.ts(336,12): error TS2532: Object is possibly 'undefined'.
src/exchange/__tests__/BitunixAdapter.unit.test.ts(337,12): error TS2532: Object is possibly 'undefined'.
src/exchange/__tests__/BitunixAdapter.unit.test.ts(550,12): error TS2532: Object is possibly 'undefined'.
src/exchange/__tests__/BitunixAdapter.unit.test.ts(551,12): error TS2532: Object is possibly 'undefined'.
src/exchange/__tests__/BitunixAdapter.unit.test.ts(552,12): error TS2532: Object is possibly 'undefined'.
src/exchange/__tests__/BitunixAdapter.unit.test.ts(553,12): error TS2532: Object is possibly 'undefined'.
src/exchange/__tests__/BitunixAdapter.unit.test.ts(554,12): error TS2532: Object is possibly 'undefined'.
src/exchange/__tests__/BitunixAdapter.unit.test.ts(579,12): error TS2532: Object is possibly 'undefined'.
src/exchange/__tests__/BitunixAdapter.unit.test.ts(580,12): error TS2532: Object is possibly 'undefined'.
src/exchange/__tests__/BitunixAdapter.unit.test.ts(581,12): error TS2532: Object is possibly 'undefined'.
src/exchange/__tests__/BitunixAdapter.unit.test.ts(753,12): error TS2532: Object is possibly 'undefined'.
src/exchange/__tests__/BitunixAdapter.unit.test.ts(754,12): error TS2532: Object is possibly 'undefined'.
src/exchange/__tests__/BitunixAdapter.unit.test.ts(772,12): error TS2532: Object is possibly 'undefined'.
src/exchange/__tests__/BitunixAdapter.unit.test.ts(773,12): error TS2532: Object is possibly 'undefined'.
src/exchange/__tests__/BitunixAdapter.unit.test.ts(774,12): error TS2532: Object is possibly 'undefined'.
src/exchange/__tests__/BitunixAdapter.unit.test.ts(792,12): error TS2532: Object is possibly 'undefined'.
src/exchange/__tests__/BitunixAdapter.unit.test.ts(793,12): error TS2532: Object is possibly 'undefined'.
src/exchange/__tests__/BitunixAdapter.unit.test.ts(794,12): error TS2532: Object is possibly 'undefined'.
src/exchange/__tests__/BitunixAdapter.unit.test.ts(795,12): error TS2532: Object is possibly 'undefined'.
src/exchange/__tests__/BitunixAdapter.unit.test.ts(824,12): error TS2532: Object is possibly 'undefined'.
src/exchange/__tests__/BitunixAdapter.unit.test.ts(824,12): error TS2532: Object is possibly 'undefined'.
src/exchange/__tests__/BitunixAdapter.unit.test.ts(857,7): error TS2322: Type '"long"' is not assignable to type 'OrderSide'.
src/exchange/__tests__/BitunixAdapter.unit.test.ts(999,12): error TS2532: Object is possibly 'undefined'.
src/exchange/__tests__/BitunixAdapter.unit.test.ts(1000,12): error TS2532: Object is possibly 'undefined'.
src/exchange/__tests__/BitunixAdapter.unit.test.ts(1001,12): error TS2532: Object is possibly 'undefined'.
src/exchange/__tests__/BitunixAdapter.unit.test.ts(1018,12): error TS2532: Object is possibly 'undefined'.
src/exchange/__tests__/BitunixAdapter.unit.test.ts(1119,12): error TS2532: Object is possibly 'undefined'.
src/exchange/__tests__/BitunixAdapter.unit.test.ts(1120,12): error TS2532: Object is possibly 'undefined'.
src/exchange/__tests__/BitunixAdapter.unit.test.ts(1121,12): error TS2532: Object is possibly 'undefined'.
src/exchange/__tests__/BitunixAdapter.unit.test.ts(1122,12): error TS2532: Object is possibly 'undefined'.
src/exchange/__tests__/BitunixAdapter.unit.test.ts(1131,61): error TS2345: Argument of type '{ amount: string; coin: string; }' is not assignable to parameter of type 'Readonly<{ amount: string | number; coin: string; assetType: "FUTURES" | "SPOT"; subAccountId?: string; }>'.
  Property 'assetType' is missing in type '{ amount: string; coin: string; }' but required in type 'Readonly<{ amount: string | number; coin: string; assetType: "FUTURES" | "SPOT"; subAccountId?: string; }>'.
src/exchange/__tests__/BitunixAdapter.unit.test.ts(1144,46): error TS2345: Argument of type '{ amount: string; coin: string; }' is not assignable to parameter of type 'Readonly<{ amount: string | number; coin: string; assetType: "FUTURES" | "SPOT"; subAccountId?: string; }>'.
  Property 'assetType' is missing in type '{ amount: string; coin: string; }' but required in type 'Readonly<{ amount: string | number; coin: string; assetType: "FUTURES" | "SPOT"; subAccountId?: string; }>'.
src/exchange/__tests__/BitunixAdapter.unit.test.ts(1151,53): error TS2345: Argument of type '{ amount: string; coin: string; }' is not assignable to parameter of type 'Readonly<{ amount: string | number; coin: string; assetType: "FUTURES" | "SPOT"; subAccountId?: string; }>'.
  Property 'assetType' is missing in type '{ amount: string; coin: string; }' but required in type 'Readonly<{ amount: string | number; coin: string; assetType: "FUTURES" | "SPOT"; subAccountId?: string; }>'.
src/exchange/__tests__/BitunixAdapter.unit.test.ts(1156,53): error TS2345: Argument of type '{ amount: string; coin: string; }' is not assignable to parameter of type 'Readonly<{ amount: string | number; coin: string; assetType: "FUTURES" | "SPOT"; subAccountId?: string; }>'.
  Property 'assetType' is missing in type '{ amount: string; coin: string; }' but required in type 'Readonly<{ amount: string | number; coin: string; assetType: "FUTURES" | "SPOT"; subAccountId?: string; }>'.
src/exchange/__tests__/BitunixAdapter.unit.test.ts(1162,46): error TS2345: Argument of type '{ amount: string; coin: string; subAccountId: string; }' is not assignable to parameter of type 'Readonly<{ amount: string | number; coin: string; assetType: "FUTURES" | "SPOT"; subAccountId?: string; }>'.
  Property 'assetType' is missing in type '{ amount: string; coin: string; subAccountId: string; }' but required in type 'Readonly<{ amount: string | number; coin: string; assetType: "FUTURES" | "SPOT"; subAccountId?: string; }>'.
src/exchange/__tests__/BitunixAdapter.unit.test.ts(1174,62): error TS2345: Argument of type '{ amount: string; coin: string; }' is not assignable to parameter of type 'Readonly<{ amount: string | number; coin: string; assetType: "FUTURES" | "SPOT"; subAccountId?: string; }>'.
  Property 'assetType' is missing in type '{ amount: string; coin: string; }' but required in type 'Readonly<{ amount: string | number; coin: string; assetType: "FUTURES" | "SPOT"; subAccountId?: string; }>'.
src/exchange/__tests__/BitunixAdapter.unit.test.ts(1186,54): error TS2345: Argument of type '{ amount: string; coin: string; }' is not assignable to parameter of type 'Readonly<{ amount: string | number; coin: string; assetType: "FUTURES" | "SPOT"; subAccountId?: string; }>'.
  Property 'assetType' is missing in type '{ amount: string; coin: string; }' but required in type 'Readonly<{ amount: string | number; coin: string; assetType: "FUTURES" | "SPOT"; subAccountId?: string; }>'.
src/exchange/BitunixAdapter.ts(212,48): error TS2379: Argument of type '{ symbol: string; interval: YahooInterval; limit: number | undefined; }' is not assignable to parameter of type 'Readonly<{ symbol: string; interval: YahooInterval; limit?: number; }>' with 'exactOptionalPropertyTypes: true'. Consider adding 'undefined' to the types of the target's properties.
  Types of property 'limit' are incompatible.
    Type 'number | undefined' is not assignable to type 'number'.
      Type 'undefined' is not assignable to type 'number'.
src/exchange/BitunixAdapter.ts(298,11): error TS2375: Type '{ symbol: string; side: OrderSide; triggerSide: "stop_loss"; triggerPrice: number; quantity: number; positionId: string | undefined; }' is not assignable to type 'Readonly<{ symbol: string; side: OrderSide; triggerSide: TpSlTriggerSide; triggerPrice: number; quantity: number; positionId?: string; }>' with 'exactOptionalPropertyTypes: true'. Consider adding 'undefined' to the types of the target's properties.
  Types of property 'positionId' are incompatible.
    Type 'string | undefined' is not assignable to type 'string'.
      Type 'undefined' is not assignable to type 'string'.
src/exchange/BitunixAdapter.ts(319,11): error TS2375: Type '{ symbol: string; side: OrderSide; triggerSide: "take_profit"; triggerPrice: number; quantity: number; positionId: string | undefined; }' is not assignable to type 'Readonly<{ symbol: string; side: OrderSide; triggerSide: TpSlTriggerSide; triggerPrice: number; quantity: number; positionId?: string; }>' with 'exactOptionalPropertyTypes: true'. Consider adding 'undefined' to the types of the target's properties.
  Types of property 'positionId' are incompatible.
    Type 'string | undefined' is not assignable to type 'string'.
      Type 'undefined' is not assignable to type 'string'.
src/exchange/BitunixAdapter.ts(394,33): error TS2379: Argument of type '{ symbol: string; limit: number | undefined; }' is not assignable to parameter of type 'Readonly<{ symbol: string; limit?: number; }>' with 'exactOptionalPropertyTypes: true'. Consider adding 'undefined' to the types of the target's properties.
  Types of property 'limit' are incompatible.
    Type 'number | undefined' is not assignable to type 'number'.
      Type 'undefined' is not assignable to type 'number'.
src/exchange/BitunixParsers.ts(319,3): error TS2375: Type '{ tpslId: string; symbol: string; positionId: string | undefined; triggerSide: TpSlTriggerSide; status: TpSlOrderStatus; triggerPrice: number; quantity: number; orderSide: OrderSide; createdAtUtc: string; updatedAtUtc: string; }' is not assignable to type 'Readonly<{ tpslId: string; symbol: string; positionId?: string; triggerSide: TpSlTriggerSide; status: TpSlOrderStatus; triggerPrice: number; quantity: number; orderSide: OrderSide; createdAtUtc: string; updatedAtUtc: string; }>' with 'exactOptionalPropertyTypes: true'. Consider adding 'undefined' to the types of the target's properties.
  Types of property 'positionId' are incompatible.
    Type 'string | undefined' is not assignable to type 'string'.
      Type 'undefined' is not assignable to type 'string'.
src/exchange/BitunixTradeApi.ts(348,15): error TS2367: This comparison appears to be unintentional because the types 'OrderSide' and '"long"' have no overlap.
src/exchange/BitunixTradeApi.ts(364,15): error TS2367: This comparison appears to be unintentional because the types 'OrderSide' and '"long"' have no overlap.
src/monitoring/__tests__/alerts.test.ts(160,9): error TS2739: Type '{ update: () => Promise<{}>; }' is missing the following properties from type '{ update: (params: any, options?: any) => Promise<unknown>; clear: (params: any, options?: any) => Promise<unknown>; append: (params: any, options?: any) => Promise<unknown>; }': clear, append
src/monitoring/EmailAlerter.ts(183,29): error TS2379: Argument of type '{ config: { from: string; rateLimit: { windowMs: number; maxPerWindow: number; }; to: string; smtpHost: string; smtpPort: number; smtpUser: string; smtpPass: string; dailySummaryHour: number; }; stateManager: StateManager; logger: Logger | undefined; transporter: Readonly<...> | undefined; }' is not assignable to parameter of type 'Readonly<{ config: Readonly<{ smtpHost: string; smtpPort: number; smtpUser: string; smtpPass: string; to: string; from: string; dailySummaryHour: number; rateLimit: Readonly<{ windowMs: number; maxPerWindow: number; }>; }>; stateManager: StateManager; logger?: Logger; transporter?: Readonly<...>; scheduler?: Readonl...' with 'exactOptionalPropertyTypes: true'. Consider adding 'undefined' to the types of the target's properties.
  Types of property 'logger' are incompatible.
    Type 'Logger | undefined' is not assignable to type 'Logger'.
      Type 'undefined' is not assignable to type 'Logger'.
src/scripts/helpers/replayAdapter.ts(169,5): error TS2741: Property 'id' is missing in type '{ symbol: string; side: "long" | "short"; entryPrice: number; currentPrice: number; quantity: number; openedAtUtc: string; updatedAtUtc: string; unrealizedPnl: number; realizedPnl: number; totalFeesPaid: number; }' but required in type 'Readonly<{ id: string; symbol: string; side: "long" | "short"; entryPrice: number; currentPrice: number; quantity: number; openedAtUtc: string; updatedAtUtc: string; unrealizedPnl: number; realizedPnl: number; totalFeesPaid: number; }>'.
src/scripts/importOptimizationResults.ts(16,30): error TS2307: Cannot find module '@supabase/supabase-js' or its corresponding type declarations.
src/scripts/importOptimizationResults.ts(17,31): error TS2307: Cannot find module '../supabase/database.js' or its corresponding type declarations.
src/scripts/monitoring-validation.ts(42,7): error TS2353: Object literal may only specify known properties, and 'botToken' does not exist in type 'Readonly<{ config: Readonly<{ botToken: string; chatId: string; pollIntervalMs: number; rateLimit: Readonly<{ windowMs: number; maxPerWindow: number; }>; }>; stateManager: StateManager; ... 4 more ...; logDir?: string; }>'.
src/scripts/monitoring-validation.ts(49,7): error TS2353: Object literal may only specify known properties, and 'metadata' does not exist in type 'Readonly<{ level: AlertLevel; message: string; botId: string; }>'.
src/scripts/monitoring-validation.ts(87,7): error TS2353: Object literal may only specify known properties, and 'sheetsId' does not exist in type 'Readonly<{ config: Readonly<{ sheetId: string; serviceAccountKeyPath: string; updateIntervalMs: number; tradeHistoryDays: number; summaryDays: number; maxTrades: number; }>; stateManager: StateManager; logger?: Logger; scheduler?: Readonly<...>; sheetsClient?: SheetsClient; logDir?: string; }>'.
src/scripts/monitoring-validation.ts(91,20): error TS2339: Property 'updateBotStatus' does not exist on type 'GoogleSheetsReporter'.
src/scripts/monitoring-validation.ts(138,7): error TS2353: Object literal may only specify known properties, and 'host' does not exist in type 'Readonly<{ config: Readonly<{ smtpHost: string; smtpPort: number; smtpUser: string; smtpPass: string; to: string; from: string; dailySummaryHour: number; rateLimit: Readonly<{ windowMs: number; maxPerWindow: number; }>; }>; stateManager: StateManager; logger?: Logger; transporter?: Readonly<...>; scheduler?: Readonl...'.
src/scripts/monitoring-validation.ts(150,7): error TS2353: Object literal may only specify known properties, and 'metadata' does not exist in type 'Readonly<{ level: EmailAlertLevel; message: string; botId: string; }>'.
src/strategies/helpers/SessionManager.ts(165,37): error TS18048: 'medianMs' is possibly 'undefined'.
src/strategies/helpers/SessionManager.ts(168,33): error TS18048: 'medianMs' is possibly 'undefined'.
src/strategies/orb-atr.ts(156,3): error TS2375: Type '{ type: "ENTRY"; side: StrategyDirection; price: number; stopLoss: number; takeProfit: number | undefined; reason: string; }' is not assignable to type 'Readonly<{ type: "EXIT" | "HOLD" | "ENTRY"; side?: "long" | "short"; price: number; quantity?: number; stopLoss?: number; takeProfit?: number; reason: string; }>' with 'exactOptionalPropertyTypes: true'. Consider adding 'undefined' to the types of the target's properties.
  Types of property 'takeProfit' are incompatible.
    Type 'number | undefined' is not assignable to type 'number'.
      Type 'undefined' is not assignable to type 'number'.
src/strategies/orb-atr.ts(325,46): error TS2379: Argument of type '{ timezone: "America/New_York"; startTime: "09:30"; openingRangeMinutes: number; intervalMinutes: number | undefined; }' is not assignable to parameter of type 'Readonly<{ timezone: string; startTime: string; openingRangeMinutes: number; intervalMinutes?: number; }>' with 'exactOptionalPropertyTypes: true'. Consider adding 'undefined' to the types of the target's properties.
  Types of property 'intervalMinutes' are incompatible.
    Type 'number | undefined' is not assignable to type 'number'.
      Type 'undefined' is not assignable to type 'number'.
